Traceback (most recent call last):
  File "/p/project1/training2562/syed1/Hackathon/task_3_watermark_removal/.venv/lib/python3.12/site-packages/urllib3/connection.py", line 204, in _new_conn
    sock = connection.create_connection(
           ^^^^^^^^^^^^^^^^^^^^^^^^^^^^^
  File "/p/project1/training2562/syed1/Hackathon/task_3_watermark_removal/.venv/lib/python3.12/site-packages/urllib3/util/connection.py", line 85, in create_connection
    raise err
  File "/p/project1/training2562/syed1/Hackathon/task_3_watermark_removal/.venv/lib/python3.12/site-packages/urllib3/util/connection.py", line 73, in create_connection
    sock.connect(sa)
OSError: [Errno 113] No route to host

The above exception was the direct cause of the following exception:

Traceback (most recent call last):
  File "/p/project1/training2562/syed1/Hackathon/task_3_watermark_removal/.venv/lib/python3.12/site-packages/urllib3/connectionpool.py", line 787, in urlopen
    response = self._make_request(
               ^^^^^^^^^^^^^^^^^^^
  File "/p/project1/training2562/syed1/Hackathon/task_3_watermark_removal/.venv/lib/python3.12/site-packages/urllib3/connectionpool.py", line 493, in _make_request
    conn.request(
  File "/p/project1/training2562/syed1/Hackathon/task_3_watermark_removal/.venv/lib/python3.12/site-packages/urllib3/connection.py", line 500, in request
    self.endheaders()
  File "/p/scratch/training2562/syed1/uv/python/cpython-3.12.12-linux-x86_64-gnu/lib/python3.12/http/client.py", line 1333, in endheaders
    self._send_output(message_body, encode_chunked=encode_chunked)
  File "/p/scratch/training2562/syed1/uv/python/cpython-3.12.12-linux-x86_64-gnu/lib/python3.12/http/client.py", line 1093, in _send_output
    self.send(msg)
  File "/p/scratch/training2562/syed1/uv/python/cpython-3.12.12-linux-x86_64-gnu/lib/python3.12/http/client.py", line 1037, in send
    self.connect()
  File "/p/project1/training2562/syed1/Hackathon/task_3_watermark_removal/.venv/lib/python3.12/site-packages/urllib3/connection.py", line 331, in connect
    self.sock = self._new_conn()
                ^^^^^^^^^^^^^^^^
  File "/p/project1/training2562/syed1/Hackathon/task_3_watermark_removal/.venv/lib/python3.12/site-packages/urllib3/connection.py", line 219, in _new_conn
    raise NewConnectionError(
urllib3.exceptions.NewConnectionError: HTTPConnection(host='35.192.205.84', port=80): Failed to establish a new connection: [Errno 113] No route to host

The above exception was the direct cause of the following exception:

Traceback (most recent call last):
  File "/p/project1/training2562/syed1/Hackathon/task_3_watermark_removal/.venv/lib/python3.12/site-packages/requests/adapters.py", line 644, in send
    resp = conn.urlopen(
           ^^^^^^^^^^^^^
  File "/p/project1/training2562/syed1/Hackathon/task_3_watermark_removal/.venv/lib/python3.12/site-packages/urllib3/connectionpool.py", line 841, in urlopen
    retries = retries.increment(
              ^^^^^^^^^^^^^^^^^^
  File "/p/project1/training2562/syed1/Hackathon/task_3_watermark_removal/.venv/lib/python3.12/site-packages/urllib3/util/retry.py", line 519, in increment
    raise MaxRetryError(_pool, url, reason) from reason  # type: ignore[arg-type]
    ^^^^^^^^^^^^^^^^^^^^^^^^^^^^^^^^^^^^^^^^^^^^^^^^^^^
urllib3.exceptions.MaxRetryError: HTTPConnectionPool(host='35.192.205.84', port=80): Max retries exceeded with url: /submit/09-watermark-removal (Caused by NewConnectionError("HTTPConnection(host='35.192.205.84', port=80): Failed to establish a new connection: [Errno 113] No route to host"))

During handling of the above exception, another exception occurred:

Traceback (most recent call last):
  File "/p/project1/training2562/syed1/Hackathon/task_3_watermark_removal/submit.py", line 25, in <module>
    response = requests.post(
               ^^^^^^^^^^^^^^
  File "/p/project1/training2562/syed1/Hackathon/task_3_watermark_removal/.venv/lib/python3.12/site-packages/requests/api.py", line 115, in post
    return request("post", url, data=data, json=json, **kwargs)
           ^^^^^^^^^^^^^^^^^^^^^^^^^^^^^^^^^^^^^^^^^^^^^^^^^^^^
  File "/p/project1/training2562/syed1/Hackathon/task_3_watermark_removal/.venv/lib/python3.12/site-packages/requests/api.py", line 59, in request
    return session.request(method=method, url=url, **kwargs)
           ^^^^^^^^^^^^^^^^^^^^^^^^^^^^^^^^^^^^^^^^^^^^^^^^^
  File "/p/project1/training2562/syed1/Hackathon/task_3_watermark_removal/.venv/lib/python3.12/site-packages/requests/sessions.py", line 589, in request
    resp = self.send(prep, **send_kwargs)
           ^^^^^^^^^^^^^^^^^^^^^^^^^^^^^^
  File "/p/project1/training2562/syed1/Hackathon/task_3_watermark_removal/.venv/lib/python3.12/site-packages/requests/sessions.py", line 703, in send
    r = adapter.send(request, **kwargs)
        ^^^^^^^^^^^^^^^^^^^^^^^^^^^^^^^
  File "/p/project1/training2562/syed1/Hackathon/task_3_watermark_removal/.venv/lib/python3.12/site-packages/requests/adapters.py", line 677, in send
    raise ConnectionError(e, request=request)
requests.exceptions.ConnectionError: HTTPConnectionPool(host='35.192.205.84', port=80): Max retries exceeded with url: /submit/09-watermark-removal (Caused by NewConnectionError("HTTPConnection(host='35.192.205.84', port=80): Failed to establish a new connection: [Errno 113] No route to host"))
srun: error: jrc0364: task 0: Exited with exit code 1
